// Jest Snapshot v1, https://goo.gl/fbAQLP

exports[`notification default.js 1`] = `
<Component>
  <button
    className="ui button"
    onClick={[Function]}
  >
    Click me
  </button>
</Component>
`;

exports[`notification error_style.js 1`] = `
<Component>
  <button
    className="ui button"
    onClick={[Function]}
  >
    Click me
  </button>
</Component>
`;

exports[`notification manually_closed.js 1`] = `
<Component>
  <button
    className="ui button"
    onClick={[Function]}
  >
    Click me
  </button>
</Component>
`;

exports[`notification with_header.js 1`] = `
<Component>
  <button
    className="ui button"
    onClick={[Function]}
  >
    Click me
  </button>
</Component>
`;
